// Jest Snapshot v1, https://goo.gl/fbAQLP

exports[`Devices devices 1`] = `
Object {
  "data": undefined,
  "errors": Array [
    [ValidationError: Cannot query field "id" on type "Device".],
  ],
  "extensions": undefined,
  "http": Object {
    "headers": Headers {
      Symbol(map): Object {},
    },
  },
}
`;
