// Jest Snapshot v1, https://goo.gl/fbAQLP

exports[`Devices devices 1`] = `
Object {
  "data": Object {
    "devices": Object {
      "devices": Array [
        Object {
          "id": "id-1",
          "lastPayload": "2022-03-01",
          "make": "make-1",
          "model": "model-1",
          "name": "name-1",
          "operational": false,
          "section": "section-1",
          "site": "site-1",
          "tags": Array [],
        },
        Object {
          "id": "id-2",
          "lastPayload": "2022-03-01",
          "make": "make-2",
          "model": "model-2",
          "name": "name-2",
          "operational": false,
          "section": "section-2",
          "site": "site-2",
          "tags": Array [],
        },
        Object {
          "id": "id-3",
          "lastPayload": "2022-03-01",
          "make": "make-3",
          "model": "model-3",
          "name": "name-3",
          "operational": false,
          "section": "section-3",
          "site": "site-3",
          "tags": Array [],
        },
        Object {
          "id": "id-4",
          "lastPayload": "2022-03-01",
          "make": "make-4",
          "model": "model-4",
          "name": "name-4",
          "operational": false,
          "section": "section-4",
          "site": "site-4",
          "tags": Array [],
        },
        Object {
          "id": "id-5",
          "lastPayload": "2022-03-01",
          "make": "make-5",
          "model": "model-5",
          "name": "name-5",
          "operational": false,
          "section": "section-5",
          "site": "site-5",
          "tags": Array [],
        },
        Object {
          "id": "id-6",
          "lastPayload": "2022-03-01",
          "make": "make-6",
          "model": "model-6",
          "name": "name-6",
          "operational": false,
          "section": "section-6",
          "site": "site-6",
          "tags": Array [],
        },
        Object {
          "id": "id-7",
          "lastPayload": "2022-03-01",
          "make": "make-7",
          "model": "model-7",
          "name": "name-7",
          "operational": false,
          "section": "section-7",
          "site": "site-7",
          "tags": Array [],
        },
        Object {
          "id": "id-8",
          "lastPayload": "2022-03-01",
          "make": "make-8",
          "model": "model-8",
          "name": "name-8",
          "operational": false,
          "section": "section-8",
          "site": "site-8",
          "tags": Array [],
        },
        Object {
          "id": "id-9",
          "lastPayload": "2022-03-01",
          "make": "make-9",
          "model": "model-9",
          "name": "name-9",
          "operational": false,
          "section": "section-9",
          "site": "site-9",
          "tags": Array [],
        },
        Object {
          "id": "id-10",
          "lastPayload": "2022-03-01",
          "make": "make-10",
          "model": "model-10",
          "name": "name-10",
          "operational": false,
          "section": "section-10",
          "site": "site-10",
          "tags": Array [],
        },
        Object {
          "id": "id-11",
          "lastPayload": "2022-03-01",
          "make": "make-11",
          "model": "model-11",
          "name": "name-11",
          "operational": false,
          "section": "section-11",
          "site": "site-11",
          "tags": Array [],
        },
        Object {
          "id": "id-12",
          "lastPayload": "2022-03-01",
          "make": "make-12",
          "model": "model-12",
          "name": "name-12",
          "operational": false,
          "section": "section-12",
          "site": "site-12",
          "tags": Array [],
        },
        Object {
          "id": "id-13",
          "lastPayload": "2022-03-01",
          "make": "make-13",
          "model": "model-13",
          "name": "name-13",
          "operational": false,
          "section": "section-13",
          "site": "site-13",
          "tags": Array [],
        },
        Object {
          "id": "id-14",
          "lastPayload": "2022-03-01",
          "make": "make-14",
          "model": "model-14",
          "name": "name-14",
          "operational": false,
          "section": "section-14",
          "site": "site-14",
          "tags": Array [],
        },
        Object {
          "id": "id-15",
          "lastPayload": "2022-03-01",
          "make": "make-15",
          "model": "model-15",
          "name": "name-15",
          "operational": false,
          "section": "section-15",
          "site": "site-15",
          "tags": Array [],
        },
        Object {
          "id": "id-16",
          "lastPayload": "2022-03-01",
          "make": "make-16",
          "model": "model-16",
          "name": "name-16",
          "operational": false,
          "section": "section-16",
          "site": "site-16",
          "tags": Array [],
        },
        Object {
          "id": "id-17",
          "lastPayload": "2022-03-01",
          "make": "make-17",
          "model": "model-17",
          "name": "name-17",
          "operational": false,
          "section": "section-17",
          "site": "site-17",
          "tags": Array [],
        },
        Object {
          "id": "id-18",
          "lastPayload": "2022-03-01",
          "make": "make-18",
          "model": "model-18",
          "name": "name-18",
          "operational": false,
          "section": "section-18",
          "site": "site-18",
          "tags": Array [],
        },
        Object {
          "id": "id-19",
          "lastPayload": "2022-03-01",
          "make": "make-19",
          "model": "model-19",
          "name": "name-19",
          "operational": false,
          "section": "section-19",
          "site": "site-19",
          "tags": Array [],
        },
        Object {
          "id": "id-20",
          "lastPayload": "2022-03-01",
          "make": "make-20",
          "model": "model-20",
          "name": "name-20",
          "operational": false,
          "section": "section-20",
          "site": "site-20",
          "tags": Array [],
        },
        Object {
          "id": "id-21",
          "lastPayload": "2022-03-01",
          "make": "make-21",
          "model": "model-21",
          "name": "name-21",
          "operational": false,
          "section": "section-21",
          "site": "site-21",
          "tags": Array [],
        },
        Object {
          "id": "id-22",
          "lastPayload": "2022-03-01",
          "make": "make-22",
          "model": "model-22",
          "name": "name-22",
          "operational": false,
          "section": "section-22",
          "site": "site-22",
          "tags": Array [],
        },
        Object {
          "id": "id-23",
          "lastPayload": "2022-03-01",
          "make": "make-23",
          "model": "model-23",
          "name": "name-23",
          "operational": false,
          "section": "section-23",
          "site": "site-23",
          "tags": Array [],
        },
        Object {
          "id": "id-24",
          "lastPayload": "2022-03-01",
          "make": "make-24",
          "model": "model-24",
          "name": "name-24",
          "operational": false,
          "section": "section-24",
          "site": "site-24",
          "tags": Array [],
        },
        Object {
          "id": "id-25",
          "lastPayload": "2022-03-01",
          "make": "make-25",
          "model": "model-25",
          "name": "name-25",
          "operational": false,
          "section": "section-25",
          "site": "site-25",
          "tags": Array [],
        },
        Object {
          "id": "id-26",
          "lastPayload": "2022-03-01",
          "make": "make-26",
          "model": "model-26",
          "name": "name-26",
          "operational": false,
          "section": "section-26",
          "site": "site-26",
          "tags": Array [],
        },
        Object {
          "id": "id-27",
          "lastPayload": "2022-03-01",
          "make": "make-27",
          "model": "model-27",
          "name": "name-27",
          "operational": false,
          "section": "section-27",
          "site": "site-27",
          "tags": Array [],
        },
        Object {
          "id": "id-28",
          "lastPayload": "2022-03-01",
          "make": "make-28",
          "model": "model-28",
          "name": "name-28",
          "operational": false,
          "section": "section-28",
          "site": "site-28",
          "tags": Array [],
        },
        Object {
          "id": "id-29",
          "lastPayload": "2022-03-01",
          "make": "make-29",
          "model": "model-29",
          "name": "name-29",
          "operational": false,
          "section": "section-29",
          "site": "site-29",
          "tags": Array [],
        },
        Object {
          "id": "id-30",
          "lastPayload": "2022-03-01",
          "make": "make-30",
          "model": "model-30",
          "name": "name-30",
          "operational": false,
          "section": "section-30",
          "site": "site-30",
          "tags": Array [],
        },
      ],
      "totalCount": 30,
    },
  },
  "errors": undefined,
  "extensions": undefined,
  "http": Object {
    "headers": Headers {
      Symbol(map): Object {},
    },
  },
}
`;
