// Jest Snapshot v1, https://goo.gl/fbAQLP

exports[`Devices devices 1`] = `
Object {
  "data": Object {
    "devices": null,
  },
  "errors": Array [
    [GraphQLError: Cannot return null for non-nullable field Device.id.],
  ],
  "extensions": undefined,
  "http": Object {
    "headers": Headers {
      Symbol(map): Object {},
    },
  },
}
`;
