// Jest Snapshot v1, https://goo.gl/fbAQLP

exports[`Sites getSite 1`] = `
Object {
  "data": Object {
    "site": Object {
      "correctDevicesCount": 1,
      "correctDevicesPercent": 0.25,
      "deviceErrors": Array [],
      "errorDevicesCount": 1,
      "errorDevicesPercent": 0.25,
      "extraDevicesCount": 0,
      "lastValidated": "2022-07-16T18:27:19Z",
      "missingDevicesCount": 2,
      "missingDevicesPercent": 0.5,
      "name": "LOC-1",
      "seenDevicesCount": 10,
      "totalDeviceErrorsCount": 0,
      "totalDevicesCount": 4,
      "validation": "{\\"version\\":\\"1.3.14\\",\\"last_updated\\":\\"2022-07-16T18:27:19Z\\",\\"timestamp\\":\\"2018-08-26T21:39:29.364Z\\",\\"summary\\":{\\"correct_devices\\":[\\"AHU-22\\"],\\"extra_devices\\":[],\\"missing_devices\\":[\\"GAT-123\\",\\"SNS-4\\"],\\"error_devices\\":[\\"AHU-1\\"]},\\"status\\":{\\"message\\":\\"Site is completed validation\\",\\"category\\":\\"validation.summary.report\\",\\"timestamp\\":\\"2018-08-26T21:39:30.364Z\\",\\"level\\":200},\\"devices\\":{\\"AHU-1\\":{\\"last_seen\\":\\"2022-07-16T18:27:19Z\\",\\"oldest_mark\\":\\"2022-07-16T18:27:19Z\\",\\"status\\":{\\"message\\":\\"Tickity Boo\\",\\"category\\":\\"validation.device.result\\",\\"timestamp\\":\\"2018-08-26T21:39:30.364Z\\",\\"level\\":400}}}}",
    },
  },
  "errors": undefined,
  "extensions": undefined,
  "http": Object {
    "headers": Headers {
      Symbol(map): Object {},
    },
  },
}
`;

exports[`Sites getSiteNames 1`] = `
Object {
  "data": Object {
    "siteNames": Array [
      "LOC-1",
      "LOC-3",
      "LOC-5",
      "LOC-7",
      "LOC-9",
      "SITE-10",
      "SITE-2",
      "SITE-4",
      "SITE-6",
      "SITE-8",
    ],
  },
  "errors": undefined,
  "extensions": undefined,
  "http": Object {
    "headers": Headers {
      Symbol(map): Object {},
    },
  },
}
`;

exports[`Sites sites 1`] = `
Object {
  "data": Object {
    "sites": Object {
      "sites": Array [
        Object {
          "name": "LOC-1",
        },
        Object {
          "name": "SITE-2",
        },
        Object {
          "name": "LOC-3",
        },
        Object {
          "name": "SITE-4",
        },
        Object {
          "name": "LOC-5",
        },
        Object {
          "name": "SITE-6",
        },
        Object {
          "name": "LOC-7",
        },
        Object {
          "name": "SITE-8",
        },
        Object {
          "name": "LOC-9",
        },
        Object {
          "name": "SITE-10",
        },
        Object {
          "name": "LOC-11",
        },
        Object {
          "name": "SITE-12",
        },
        Object {
          "name": "LOC-13",
        },
        Object {
          "name": "SITE-14",
        },
        Object {
          "name": "LOC-15",
        },
        Object {
          "name": "SITE-16",
        },
        Object {
          "name": "LOC-17",
        },
        Object {
          "name": "SITE-18",
        },
        Object {
          "name": "LOC-19",
        },
        Object {
          "name": "SITE-20",
        },
        Object {
          "name": "LOC-21",
        },
        Object {
          "name": "SITE-22",
        },
        Object {
          "name": "LOC-23",
        },
        Object {
          "name": "SITE-24",
        },
        Object {
          "name": "LOC-25",
        },
        Object {
          "name": "SITE-26",
        },
        Object {
          "name": "LOC-27",
        },
        Object {
          "name": "SITE-28",
        },
        Object {
          "name": "LOC-29",
        },
        Object {
          "name": "SITE-30",
        },
      ],
      "totalCount": 30,
      "totalFilteredCount": 10,
    },
  },
  "errors": undefined,
  "extensions": undefined,
  "http": Object {
    "headers": Headers {
      Symbol(map): Object {},
    },
  },
}
`;
